// Jest Snapshot v1, https://goo.gl/fbAQLP

exports[`renders stock list 1`] = `
<div
  className="AppLayout-root-1"
>
  <div
    className="AppLayout-appFrame-2"
  >
    <header
      className="MuiPaper-root-11 MuiPaper-shadow4-17 MuiAppBar-root-4 MuiAppBar-positionFixed-5 MuiAppBar-colorPrimary-9 mui-fixed HeaderToolbar-headerToolbar-3"
    >
      <div
        className="MuiToolbar-root-38 MuiToolbar-gutters-39"
      >
        <h2
          className="MuiTypography-root-40 MuiTypography-title-46 MuiTypography-colorInherit-59 MuiTypography-noWrap-56"
        >
          
        </h2>
        <form
          autoComplete="off"
          className="Capital-capital-64"
          noValidate={true}
        >
          <div
            className="MuiFormControl-root-66 Capital-input-65"
            onBlur={[Function]}
            onFocus={[Function]}
            required={false}
          >
            <label
              className="MuiFormLabel-root-76 MuiInputLabel-root-70 MuiInputLabel-formControl-71 MuiInputLabel-animated-74"
              data-shrink={false}
              htmlFor="capital"
            >
              How much are you up to invest?
            </label>
            <div
              className="MuiInput-root-80 MuiInput-formControl-81 MuiInput-inkbar-82 MuiInput-underline-88"
              onBlur={[Function]}
              onFocus={[Function]}
            >
              <input
                autoComplete={undefined}
                autoFocus={undefined}
                className="MuiInput-input-84 MuiInput-inputSingleline-91"
                defaultValue={undefined}
                disabled={false}
                id="capital"
                name={undefined}
                onChange={[Function]}
                onKeyDown={undefined}
                onKeyUp={undefined}
                placeholder={undefined}
                readOnly={undefined}
                required={undefined}
                rows={undefined}
                type="text"
                value={undefined}
              />
            </div>
          </div>
        </form>
      </div>
    </header>
    <div
      className="MuiDrawer-docked-96"
    >
      <div
        className="MuiPaper-root-11 MuiPaper-shadow0-13 MuiDrawer-paper-97 Sidebar-drawerPaper-95 MuiDrawer-paperAnchorDockedLeft-102"
      >
        <div
          className="Brand-drawerHeaderMixin-105 Brand-drawerHeader-106"
        >
          <h2
            className="MuiTypography-root-40 MuiTypography-title-46 MuiTypography-colorPrimary-60 MuiTypography-noWrap-56 Brand-drawerHeaderTitle-107"
          >
            Marketr
          </h2>
          <h3
            className="MuiTypography-root-40 MuiTypography-subheading-47 MuiTypography-colorPrimary-60 MuiTypography-noWrap-56"
          >
            About
          </h3>
        </div>
        <hr
          className="MuiDivider-root-108 MuiDivider-default-109"
        />
        <ul
          className="MuiList-root-113 MuiList-padding-114"
        >
          <li
            className="MuiButtonBase-root-127 MuiListItem-root-117 MuiListItem-gutters-124 MuiListItem-button-125 MuiListItem-default-120"
            disabled={false}
            onBlur={[Function]}
            onClick={[Function]}
            onFocus={[Function]}
            onKeyDown={[Function]}
            onKeyUp={[Function]}
            onMouseDown={[Function]}
            onMouseLeave={[Function]}
            onMouseUp={[Function]}
            onTouchEnd={[Function]}
            onTouchMove={[Function]}
            onTouchStart={[Function]}
            role="button"
            tabIndex={0}
          >
            <div
              className="MuiListItemText-root-129"
            >
              <h3
                className="MuiTypography-root-40 MuiTypography-subheading-47 MuiListItemText-text-132"
              >
                PETR4
              </h3>
            </div>
            <span
              className="MuiTouchRipple-root-134"
            />
          </li>
        </ul>
      </div>
    </div>
    <main
      className="Main-content-141"
    >
      <header
        className="MuiPaper-root-11 MuiPaper-shadow4-17 MuiAppBar-root-4 MuiAppBar-positionStatic-7 MuiAppBar-colorPrimary-9"
      >
        <div
          className="MuiTabs-root-142"
        >
          <div
            className="MuiTabs-flexContainer-143"
          >
            <div
              className="MuiTabs-scrollingContainer-144 MuiTabs-fixed-145"
              onScroll={[Function]}
              role="tablist"
              style={
                Object {
                  "marginBottom": 0,
                }
              }
            >
              <div
                className="MuiTabs-flexContainer-143"
              >
                <button
                  aria-selected={true}
                  className="MuiButtonBase-root-127 MuiTab-root-149 MuiTab-rootInherit-157 MuiTab-rootInheritSelected-158"
                  disabled={false}
                  onBlur={[Function]}
                  onClick={[Function]}
                  onFocus={[Function]}
                  onKeyDown={[Function]}
                  onKeyUp={[Function]}
                  onMouseDown={[Function]}
                  onMouseLeave={[Function]}
                  onMouseUp={[Function]}
                  onTouchEnd={[Function]}
                  onTouchMove={[Function]}
                  onTouchStart={[Function]}
                  role="tab"
                  style={undefined}
                  tabIndex={0}
                  type="button"
                >
                  <span
                    className="MuiTab-wrapper-161"
                  >
                    <div
                      className="MuiTab-labelContainer-162"
                    >
                      <span
                        className="MuiTab-label-163"
                      >
                        C
                      </span>
                    </div>
                  </span>
                  <span
                    className="MuiTouchRipple-root-134"
                  />
                </button>
              </div>
              <div
                className="MuiTabIndicator-root-165 MuiTabIndicator-colorAccent-166"
                style={
                  Object {
                    "left": 0,
                    "width": 0,
                  }
                }
              />
            </div>
          </div>
        </div>
      </header>
      <table
        className="MuiTable-root-169 CallOptions-table-168"
      >
        <thead
          className="MuiTableHead-root-170"
        >
          <tr
            className="MuiTableRow-root-171 MuiTableRow-head-172"
          >
            <th
              className="MuiTableCell-root-176 MuiTableCell-paddingDefault-179 MuiTableCell-head-178"
            >
              Trades
            </th>
            <th
              className="MuiTableCell-root-176 MuiTableCell-paddingDefault-179 MuiTableCell-head-178"
            >
              Serie
            </th>
            <th
              className="MuiTableCell-root-176 MuiTableCell-paddingDefault-179 MuiTableCell-head-178"
            >
              Strike
            </th>
            <th
              className="MuiTableCell-root-176 MuiTableCell-paddingDefault-179 MuiTableCell-head-178"
            >
              Price
            </th>
          </tr>
        </thead>
        <tbody
          className="MuiTableBody-root-183"
        >
          <tr
            className="MuiTableRow-root-171"
          >
            <td
              className="MuiTableCell-root-176 MuiTableCell-paddingDefault-179"
            />
            <td
              className="MuiTableCell-root-176 MuiTableCell-paddingDefault-179"
            >
              PETRB28
            </td>
            <td
              className="MuiTableCell-root-176 MuiTableCell-paddingDefault-179"
            />
            <td
              className="MuiTableCell-root-176 MuiTableCell-paddingDefault-179"
            />
          </tr>
        </tbody>
      </table>
    </main>
  </div>
</div>
`;
